13:36:31 **** Incremental Build of configuration Debug for project Midterm_MedicineBot ****
make -j32 all 
arm-none-eabi-gcc "../Core/Src/main.c" -mcpu=cortex-m4 -std=gnu11 -g3 -DDEBUG -DUSE_HAL_DRIVER -DSTM32F411xE -c -I../Core/Inc -I../Drivers/STM32F4xx_HAL_Driver/Inc -I../Drivers/STM32F4xx_HAL_Driver/Inc/Legacy -I../Drivers/CMSIS/Device/ST/STM32F4xx/Include -I../Drivers/CMSIS/Include -O0 -ffunction-sections -fdata-sections -Wall -fstack-usage -fcyclomatic-complexity -MMD -MP -MF"Core/Src/main.d" -MT"Core/Src/main.o" --specs=nano.specs -mfpu=fpv4-sp-d16 -mfloat-abi=hard -mthumb -o "Core/Src/main.o"
../Core/Src/main.c: In function 'main':
../Core/Src/main.c:169:11: warning: implicit declaration of function 'sprintf' [-Wimplicit-function-declaration]
  169 |           sprintf(msg, "Distance: %d cm\r\n", currentDistance);
      |           ^~~~~~~
../Core/Src/main.c:21:1: note: include '<stdio.h>' or provide a declaration of 'sprintf'
   20 | #include "main.h"
  +++ |+#include <stdio.h>
   21 | 
../Core/Src/main.c:169:11: warning: incompatible implicit declaration of built-in function 'sprintf' [-Wbuiltin-declaration-mismatch]
  169 |           sprintf(msg, "Distance: %d cm\r\n", currentDistance);
      |           ^~~~~~~
../Core/Src/main.c:169:11: note: include '<stdio.h>' or provide a declaration of 'sprintf'
../Core/Src/main.c:170:53: warning: implicit declaration of function 'strlen' [-Wimplicit-function-declaration]
  170 |           HAL_UART_Transmit(&huart2, (uint8_t*)msg, strlen(msg), 1000);
      |                                                     ^~~~~~
../Core/Src/main.c:21:1: note: include '<string.h>' or provide a declaration of 'strlen'
   20 | #include "main.h"
  +++ |+#include <string.h>
   21 | 
../Core/Src/main.c:170:53: warning: incompatible implicit declaration of built-in function 'strlen' [-Wbuiltin-declaration-mismatch]
  170 |           HAL_UART_Transmit(&huart2, (uint8_t*)msg, strlen(msg), 1000);
      |                                                     ^~~~~~
../Core/Src/main.c:170:53: note: include '<string.h>' or provide a declaration of 'strlen'
../Core/Src/main.c: At top level:
../Core/Src/main.c:108:13: warning: 'noTone' defined but not used [-Wunused-function]
  108 | static void noTone() {
      |             ^~~~~~
../Core/Src/main.c:102:13: warning: 'Tone' defined but not used [-Wunused-function]
  102 | static void Tone(uint32_t Frequency, uint32_t Duration) {
      |             ^~~~
arm-none-eabi-gcc -o "Midterm_MedicineBot.elf" @"objects.list"   -mcpu=cortex-m4 -T"C:\Users\Nuko\STM32CubeIDE\workspace_1.16.0\Midterm_MedicineBot\STM32F411RETX_FLASH.ld" --specs=nosys.specs -Wl,-Map="Midterm_MedicineBot.map" -Wl,--gc-sections -static --specs=nano.specs -mfpu=fpv4-sp-d16 -mfloat-abi=hard -mthumb -Wl,--start-group -lc -lm -Wl,--end-group
Finished building target: Midterm_MedicineBot.elf
 
arm-none-eabi-size  Midterm_MedicineBot.elf 
arm-none-eabi-objdump -h -S Midterm_MedicineBot.elf  > "Midterm_MedicineBot.list"
   text	   data	    bss	    dec	    hex	filename
  17980	     92	   2460	  20532	   5034	Midterm_MedicineBot.elf
Finished building: default.size.stdout
 
Finished building: Midterm_MedicineBot.list
 

13:36:32 Build Finished. 0 errors, 6 warnings. (took 499ms)

