18:46:09 **** Incremental Build of configuration Debug for project Lab3_SPI ****
make -j32 all 
arm-none-eabi-gcc "../Core/Src/main.c" -mcpu=cortex-m4 -std=gnu11 -g3 -DDEBUG -DUSE_HAL_DRIVER -DSTM32F411xE -c -I../Core/Inc -I../Drivers/STM32F4xx_HAL_Driver/Inc -I../Drivers/STM32F4xx_HAL_Driver/Inc/Legacy -I../Drivers/CMSIS/Device/ST/STM32F4xx/Include -I../Drivers/CMSIS/Include -O0 -ffunction-sections -fdata-sections -Wall -fstack-usage -fcyclomatic-complexity -MMD -MP -MF"Core/Src/main.d" -MT"Core/Src/main.o" --specs=nano.specs -mfpu=fpv4-sp-d16 -mfloat-abi=hard -mthumb -o "Core/Src/main.o"
arm-none-eabi-gcc "../Core/Src/stm32f4xx_hal_msp.c" -mcpu=cortex-m4 -std=gnu11 -g3 -DDEBUG -DUSE_HAL_DRIVER -DSTM32F411xE -c -I../Core/Inc -I../Drivers/STM32F4xx_HAL_Driver/Inc -I../Drivers/STM32F4xx_HAL_Driver/Inc/Legacy -I../Drivers/CMSIS/Device/ST/STM32F4xx/Include -I../Drivers/CMSIS/Include -O0 -ffunction-sections -fdata-sections -Wall -fstack-usage -fcyclomatic-complexity -MMD -MP -MF"Core/Src/stm32f4xx_hal_msp.d" -MT"Core/Src/stm32f4xx_hal_msp.o" --specs=nano.specs -mfpu=fpv4-sp-d16 -mfloat-abi=hard -mthumb -o "Core/Src/stm32f4xx_hal_msp.o"
arm-none-eabi-gcc "../Core/Src/stm32f4xx_it.c" -mcpu=cortex-m4 -std=gnu11 -g3 -DDEBUG -DUSE_HAL_DRIVER -DSTM32F411xE -c -I../Core/Inc -I../Drivers/STM32F4xx_HAL_Driver/Inc -I../Drivers/STM32F4xx_HAL_Driver/Inc/Legacy -I../Drivers/CMSIS/Device/ST/STM32F4xx/Include -I../Drivers/CMSIS/Include -O0 -ffunction-sections -fdata-sections -Wall -fstack-usage -fcyclomatic-complexity -MMD -MP -MF"Core/Src/stm32f4xx_it.d" -MT"Core/Src/stm32f4xx_it.o" --specs=nano.specs -mfpu=fpv4-sp-d16 -mfloat-abi=hard -mthumb -o "Core/Src/stm32f4xx_it.o"
arm-none-eabi-gcc "../Core/Src/syscalls.c" -mcpu=cortex-m4 -std=gnu11 -g3 -DDEBUG -DUSE_HAL_DRIVER -DSTM32F411xE -c -I../Core/Inc -I../Drivers/STM32F4xx_HAL_Driver/Inc -I../Drivers/STM32F4xx_HAL_Driver/Inc/Legacy -I../Drivers/CMSIS/Device/ST/STM32F4xx/Include -I../Drivers/CMSIS/Include -O0 -ffunction-sections -fdata-sections -Wall -fstack-usage -fcyclomatic-complexity -MMD -MP -MF"Core/Src/syscalls.d" -MT"Core/Src/syscalls.o" --specs=nano.specs -mfpu=fpv4-sp-d16 -mfloat-abi=hard -mthumb -o "Core/Src/syscalls.o"
arm-none-eabi-gcc "../Core/Src/sysmem.c" -mcpu=cortex-m4 -std=gnu11 -g3 -DDEBUG -DUSE_HAL_DRIVER -DSTM32F411xE -c -I../Core/Inc -I../Drivers/STM32F4xx_HAL_Driver/Inc -I../Drivers/STM32F4xx_HAL_Driver/Inc/Legacy -I../Drivers/CMSIS/Device/ST/STM32F4xx/Include -I../Drivers/CMSIS/Include -O0 -ffunction-sections -fdata-sections -Wall -fstack-usage -fcyclomatic-complexity -MMD -MP -MF"Core/Src/sysmem.d" -MT"Core/Src/sysmem.o" --specs=nano.specs -mfpu=fpv4-sp-d16 -mfloat-abi=hard -mthumb -o "Core/Src/sysmem.o"
arm-none-eabi-gcc "../Core/Src/system_stm32f4xx.c" -mcpu=cortex-m4 -std=gnu11 -g3 -DDEBUG -DUSE_HAL_DRIVER -DSTM32F411xE -c -I../Core/Inc -I../Drivers/STM32F4xx_HAL_Driver/Inc -I../Drivers/STM32F4xx_HAL_Driver/Inc/Legacy -I../Drivers/CMSIS/Device/ST/STM32F4xx/Include -I../Drivers/CMSIS/Include -O0 -ffunction-sections -fdata-sections -Wall -fstack-usage -fcyclomatic-complexity -MMD -MP -MF"Core/Src/system_stm32f4xx.d" -MT"Core/Src/system_stm32f4xx.o" --specs=nano.specs -mfpu=fpv4-sp-d16 -mfloat-abi=hard -mthumb -o "Core/Src/system_stm32f4xx.o"
../Core/Src/main.c: In function 'main':
../Core/Src/main.c:119:17: warning: implicit declaration of function 'UART_Print' [-Wimplicit-function-declaration]
  119 |                 UART_Print("Transmitted!\r\n");
      |                 ^~~~~~~~~~
../Core/Src/main.c:126:17: warning: implicit declaration of function 'UART_PrintData' [-Wimplicit-function-declaration]
  126 |                 UART_PrintData("Transmitted:", masterTxData);
      |                 ^~~~~~~~~~~~~~
../Core/Src/main.c: At top level:
../Core/Src/main.c:198:6: warning: conflicting types for 'UART_Print'; have 'void(const char *)'
  198 | void UART_Print(const char *msg)
      |      ^~~~~~~~~~
../Core/Src/main.c:119:17: note: previous implicit declaration of 'UART_Print' with type 'void(const char *)'
  119 |                 UART_Print("Transmitted!\r\n");
      |                 ^~~~~~~~~~
../Core/Src/main.c: In function 'UART_Print':
../Core/Src/main.c:200:45: warning: implicit declaration of function 'strlen' [-Wimplicit-function-declaration]
  200 |   HAL_UART_Transmit(&huart2, (uint8_t*)msg, strlen(msg), HAL_MAX_DELAY);
      |                                             ^~~~~~
../Core/Src/main.c:23:1: note: include '<string.h>' or provide a declaration of 'strlen'
   22 | #include <stdio.h>  // For sprintf()
  +++ |+#include <string.h>
   23 | /* Private includes ----------------------------------------------------------*/
../Core/Src/main.c:200:45: warning: incompatible implicit declaration of built-in function 'strlen' [-Wbuiltin-declaration-mismatch]
  200 |   HAL_UART_Transmit(&huart2, (uint8_t*)msg, strlen(msg), HAL_MAX_DELAY);
      |                                             ^~~~~~
../Core/Src/main.c:200:45: note: include '<string.h>' or provide a declaration of 'strlen'
../Core/Src/main.c: At top level:
../Core/Src/main.c:203:6: warning: conflicting types for 'UART_PrintData'; have 'void(const char *, uint8_t)' {aka 'void(const char *, unsigned char)'}
  203 | void UART_PrintData(const char *prefix, uint8_t data)
      |      ^~~~~~~~~~~~~~
../Core/Src/main.c:126:17: note: previous implicit declaration of 'UART_PrintData' with type 'void(const char *, uint8_t)' {aka 'void(const char *, unsigned char)'}
  126 |                 UART_PrintData("Transmitted:", masterTxData);
      |                 ^~~~~~~~~~~~~~
arm-none-eabi-gcc -o "Lab3_SPI.elf" @"objects.list"   -mcpu=cortex-m4 -T"C:\Users\Nuko\STM32CubeIDE\workspace_1.16.0\Lab3_SPI\STM32F411RETX_FLASH.ld" --specs=nosys.specs -Wl,-Map="Lab3_SPI.map" -Wl,--gc-sections -static --specs=nano.specs -mfpu=fpv4-sp-d16 -mfloat-abi=hard -mthumb -Wl,--start-group -lc -lm -Wl,--end-group
Finished building target: Lab3_SPI.elf
 
arm-none-eabi-size  Lab3_SPI.elf 
arm-none-eabi-objdump -h -S Lab3_SPI.elf  > "Lab3_SPI.list"
   text	   data	    bss	    dec	    hex	filename
  18924	    104	   2160	  21188	   52c4	Lab3_SPI.elf
Finished building: default.size.stdout
 
Finished building: Lab3_SPI.list
 

18:46:10 Build Finished. 0 errors, 6 warnings. (took 495ms)

