19:23:30 **** Incremental Build of configuration Debug for project LAB4-2-ExternalInterrupt ****
make -j32 all 
arm-none-eabi-gcc "../Core/Src/main.c" -mcpu=cortex-m4 -std=gnu11 -g3 -DDEBUG -DUSE_HAL_DRIVER -DSTM32F411xE -c -I../Core/Inc -I../Drivers/STM32F4xx_HAL_Driver/Inc -I../Drivers/STM32F4xx_HAL_Driver/Inc/Legacy -I../Drivers/CMSIS/Device/ST/STM32F4xx/Include -I../Drivers/CMSIS/Include -O0 -ffunction-sections -fdata-sections -Wall -fstack-usage -fcyclomatic-complexity -MMD -MP -MF"Core/Src/main.d" -MT"Core/Src/main.o" --specs=nano.specs -mfpu=fpv4-sp-d16 -mfloat-abi=hard -mthumb -o "Core/Src/main.o"
arm-none-eabi-gcc -o "LAB4-2-ExternalInterrupt.elf" @"objects.list"   -mcpu=cortex-m4 -T"C:\Users\Nuko\STM32CubeIDE\workspace_1.16.0\LAB4-2-ExternalInterrupt\STM32F411RETX_FLASH.ld" --specs=nosys.specs -Wl,-Map="LAB4-2-ExternalInterrupt.map" -Wl,--gc-sections -static --specs=nano.specs -mfpu=fpv4-sp-d16 -mfloat-abi=hard -mthumb -Wl,--start-group -lc -lm -Wl,--end-group
Finished building target: LAB4-2-ExternalInterrupt.elf
 
arm-none-eabi-size  LAB4-2-ExternalInterrupt.elf 
arm-none-eabi-objdump -h -S LAB4-2-ExternalInterrupt.elf  > "LAB4-2-ExternalInterrupt.list"
   text	   data	    bss	    dec	    hex	filename
   8212	     12	   1644	   9868	   268c	LAB4-2-ExternalInterrupt.elf
Finished building: default.size.stdout
 
Finished building: LAB4-2-ExternalInterrupt.list
 

19:23:31 Build Finished. 0 errors, 0 warnings. (took 391ms)

