../Core/Src/main.c:81:17:getUltraSonicDistance	16	static
../Core/Src/main.c:102:13:Tone	16	static
../Core/Src/main.c:108:13:noTone	4	static
../Core/Src/main.c:117:5:main	8	static
../Core/Src/main.c:189:6:SystemClock_Config	88	static
../Core/Src/main.c:235:13:MX_TIM1_Init	32	static
../Core/Src/main.c:281:13:MX_TIM2_Init	64	static
../Core/Src/main.c:340:13:MX_TIM3_Init	64	static
../Core/Src/main.c:403:13:MX_USART2_UART_Init	8	static
../Core/Src/main.c:436:13:MX_GPIO_Init	48	static
../Core/Src/main.c:500:6:Error_Handler	4	static,ignoring_inline_asm
