../Core/Src/main.c:85:13:measureDistance	16	static
../Core/Src/main.c:108:13:detectLine	8	static
../Core/Src/main.c:120:13:Tone	24	static
../Core/Src/main.c:126:13:noTone	4	static
../Core/Src/main.c:130:13:buzzerMelody	8	static
../Core/Src/main.c:146:13:blinkLED	8	static
../Core/Src/main.c:178:13:driveCar	24	static
../Core/Src/main.c:204:5:main	152	static
../Core/Src/main.c:331:6:SystemClock_Config	88	static
../Core/Src/main.c:377:13:MX_TIM1_Init	32	static
../Core/Src/main.c:423:13:MX_TIM2_Init	64	static
../Core/Src/main.c:482:13:MX_TIM3_Init	64	static
../Core/Src/main.c:545:13:MX_USART2_UART_Init	8	static
../Core/Src/main.c:578:13:MX_GPIO_Init	48	static
../Core/Src/main.c:661:6:StartDefaultTask	40	static
../Core/Src/main.c:698:6:HAL_TIM_PeriodElapsedCallback	16	static
../Core/Src/main.c:715:6:Error_Handler	4	static,ignoring_inline_asm
